#
# Automatically generated file. DO NOT EDIT.
# TYLiBS  Project Configuration
#
CONFIG_FOO=y
# default:
# CONFIG_BAR is not set
