#
# Automatically generated file. DO NOT EDIT.
# TYLiBS  Project Configuration
#
# default:
CONFIG_A=y

#
# Named choice
#
CONFIG_FOO=y
# CONFIG_BAR is not set

#
# Unnamed choice
#
CONFIG_BAZ=y
# CONFIG_QUX is not set
