#
# Automatically generated file. DO NOT EDIT.
# TYLiBS  Project Configuration
#

#
# always visible comment
#
# default:
CONFIG_COMMENTS_SHOWN=y

#
# Visible conditional comment
#

#
# Invisible conditional comment
#
# default:
CONFIG_BELOW_COMMENT=y
