#
# Automatically generated file. DO NOT EDIT.
# TYLiBS  Project Configuration
#
