#
# Automatically generated file. DO NOT EDIT.
# TYLiBS  Project Configuration
#

#
# menumenu
#
# default:
CONFIG_A=y
# default:
CONFIG_IFA=y
# end of menumenu
