#
# Automatically generated file. DO NOT EDIT.
# TYLiBS  Project Configuration
#
# default:
CONFIG_EXPERIMENTAL=y
CONFIG_WARP_DRIVE=y
# CONFIG_SUBLIGHT_DRIVE is not set
# CONFIG_WORMHOLE_DRIVE is not set
