#
# Automatically generated file. DO NOT EDIT.
# TYLiBS  Project Configuration
#
# default:
CONFIG_FOO=0
