#
# Automatically generated file. DO NOT EDIT.
# TYLiBS  Project Configuration
#
# default:
CONFIG_ONLY_CONFIG=y
