#
# Automatically generated file. DO NOT EDIT.
# TYLiBS  Project Configuration
#
# default:
CONFIG_VER="5.3"
# default:
CONFIG_FOO=1
