#
# Automatically generated file. DO NOT EDIT.
# TYLiBS  Project Configuration
#

CONFIG_C1=y
