#
# Automatically generated file. DO NOT EDIT.
# TYLiBS  Project Configuration
#

# CONFIG_A is not set
CONFIG_C1=y
